EVA2_2_INTEGRIDAD_REFERENCIAL

MySQL Shell 8.0.38

Copyright (c) 2016, 2024, Oracle and/or its affiliates.
Oracle is a registered trademark of Oracle Corporation and/or its affiliates.
Other names may be trademarks of their respective owners.

Type '\help' or '\?' for help; '\quit' to exit.
 MySQL  JS > \sql
Switching to SQL mode... Commands end with ;
 MySQL  SQL > \connect --mc root@localhost
Creating a Classic session to 'root@localhost'
Fetching global names for auto-completion... Press ^C to stop.
Your MySQL connection id is 9
Server version: 8.0.39 MySQL Community Server - GPL
No default schema selected; type \use <schema> to set one.
 MySQL  localhost:3306 ssl  SQL > use tbd_e2
Default schema set to `tbd_e2`.
Fetching global names, object names from `tbd_e2` for auto-completion... Press ^C to stop.
 MySQL  localhost:3306 ssl  tbd_e2  SQL > show tables;
+------------------+
| Tables_in_tbd_e2 |
+------------------+
| cliente          |
| factura          |
+------------------+
2 rows in set (0.0045 sec)
 MySQL  localhost:3306 ssl  tbd_e2  SQL > desc cliente;
+-----------+-------------+------+-----+---------+----------------+
| Field     | Type        | Null | Key | Default | Extra          |
+-----------+-------------+------+-----+---------+----------------+
| id        | int         | NO   | PRI | NULL    | auto_increment |
| nombre    | varchar(50) | NO   |     | NULL    |                |
| apellidos | varchar(50) | YES  |     | NULL    |                |
| rfc       | varchar(13) | NO   |     | NULL    |                |
+-----------+-------------+------+-----+---------+----------------+
4 rows in set (0.0077 sec)
 MySQL  localhost:3306 ssl  tbd_e2  SQL > show create factura;
ERROR: 1064 (42000): You have an error in your SQL syntax; check the manual that corresponds to your MySQL server version for the right syntax to use near 'factura' at line 1
 MySQL  localhost:3306 ssl  tbd_e2  SQL > show create table factura;
+---------+------------------------------------------------------------------------------------------------------------------------------------------------------------------------------------------------------------------------------------------+
| Table   | Create Table

     |
+---------+------------------------------------------------------------------------------------------------------------------------------------------------------------------------------------------------------------------------------------------+
| factura | CREATE TABLE `factura` (
  `folio` int NOT NULL AUTO_INCREMENT,
  `idCliente` int NOT NULL,
  PRIMARY KEY (`folio`),
  KEY `idCliente` (`idCliente`)
) ENGINE=InnoDB AUTO_INCREMENT=9 DEFAULT CHARSET=utf8mb4 COLLATE=utf8mb4_0900_ai_ci |
+---------+------------------------------------------------------------------------------------------------------------------------------------------------------------------------------------------------------------------------------------------+
1 row in set (0.0031 sec)
 MySQL  localhost:3306 ssl  tbd_e2  SQL > select * from factura;
+-------+-----------+
| folio | idCliente |
+-------+-----------+
|     3 |         2 |
|     4 |         2 |
|     5 |         2 |
|     7 |         2 |
|     8 |         5 |
+-------+-----------+
5 rows in set (0.0007 sec)
 MySQL  localhost:3306 ssl  tbd_e2  SQL > select * from cliente;
+----+--------+-----------+---------------+
| id | nombre | apellidos | rfc           |
+----+--------+-----------+---------------+
|  2 | Ana    | Montes    | MOXA870102520 |
+----+--------+-----------+---------------+
1 row in set (0.0040 sec)
 MySQL  localhost:3306 ssl  tbd_e2  SQL > alter table factura
                                       ->
                                       -> add constraint foreing key (idcliente)
                                       -> references cliente (id);
ERROR: 1064 (42000): You have an error in your SQL syntax; check the manual that corresponds to your MySQL server version for the right syntax to use near 'key (idcliente)
references cliente (id)' at line 3
 MySQL  localhost:3306 ssl  tbd_e2  SQL > alter table factura  add constraint foreing key (idcliente) references cliente (id);
ERROR: 1064 (42000): You have an error in your SQL syntax; check the manual that corresponds to your MySQL server version for the right syntax to use near 'key (idcliente) references cliente (id)' at line 1
 MySQL  localhost:3306 ssl  tbd_e2  SQL > alter table factura  add constraint foreign key (idcliente) references cliente (id);
ERROR: 1452 (23000): Cannot add or update a child row: a foreign key constraint fails (`tbd_e2`.`#sql-191c_9`, CONSTRAINT `factura_ibfk_1` FOREIGN KEY (`idCliente`) REFERENCES `cliente` (`id`))
 MySQL  localhost:3306 ssl  tbd_e2  SQL > select * from factura;
+-------+-----------+
| folio | idCliente |
+-------+-----------+
|     3 |         2 |
|     4 |         2 |
|     5 |         2 |
|     7 |         2 |
|     8 |         5 |
+-------+-----------+
5 rows in set (0.0006 sec)
 MySQL  localhost:3306 ssl  tbd_e2  SQL > delete from factura
                                       -> where idcliente = 5;
Query OK, 1 row affected (0.0071 sec)
 MySQL  localhost:3306 ssl  tbd_e2  SQL > select * from factura;
+-------+-----------+
| folio | idCliente |
+-------+-----------+
|     3 |         2 |
|     4 |         2 |
|     5 |         2 |
|     7 |         2 |
+-------+-----------+
4 rows in set (0.0007 sec)
 MySQL  localhost:3306 ssl  tbd_e2  SQL > alter table factura  add constraint foreign key (idcliente) references cliente (id);
Query OK, 4 rows affected (0.1011 sec)

Records: 4  Duplicates: 0  Warnings: 0
 MySQL  localhost:3306 ssl  tbd_e2  SQL > show create table factura;
+---------+-------------------------------------------------------------------------------------------------------------------------------------------------------------------------------------------------------------------------------------------------------------------------------------------------------------------------------+
| Table   | Create Table

                                                                                          |
+---------+-------------------------------------------------------------------------------------------------------------------------------------------------------------------------------------------------------------------------------------------------------------------------------------------------------------------------------+
| factura | CREATE TABLE `factura` (
  `folio` int NOT NULL AUTO_INCREMENT,
  `idCliente` int NOT NULL,
  PRIMARY KEY (`folio`),
  KEY `idCliente` (`idCliente`),
  CONSTRAINT `factura_ibfk_1` FOREIGN KEY (`idCliente`) REFERENCES `cliente` (`id`)
) ENGINE=InnoDB AUTO_INCREMENT=9 DEFAULT CHARSET=utf8mb4 COLLATE=utf8mb4_0900_ai_ci |
+---------+-------------------------------------------------------------------------------------------------------------------------------------------------------------------------------------------------------------------------------------------------------------------------------------------------------------------------------+
1 row in set (0.0007 sec)
 MySQL  localhost:3306 ssl  tbd_e2  SQL > alter table drop constraint factura_isfk_1;
ERROR: 1064 (42000): You have an error in your SQL syntax; check the manual that corresponds to your MySQL server version for the right syntax to use near 'drop constraint factura_isfk_1' at line 1
 MySQL  localhost:3306 ssl  tbd_e2  SQL > alter table factura drop constraint factura_isfk_1;
ERROR: 3940 (HY000): Constraint 'factura_isfk_1' does not exist.
 MySQL  localhost:3306 ssl  tbd_e2  SQL > alter table factura drop constraint factura_ibfk_1;
Query OK, 0 rows affected (0.0129 sec)

Records: 0  Duplicates: 0  Warnings: 0
 MySQL  localhost:3306 ssl  tbd_e2  SQL > alter table factura  add constraint foreign key (idcliente) references cliente (id) on delete restrict on update restrict;
Query OK, 4 rows affected (0.0896 sec)

Records: 4  Duplicates: 0  Warnings: 0
 MySQL  localhost:3306 ssl  tbd_e2  SQL > show create table factura;
+---------+---------------------------------------------------------------------------------------------------------------------------------------------------------------------------------------------------------------------------------------------------------------------------------------------------------------------------------------------------------------------+
| Table   | Create Table


        |
+---------+---------------------------------------------------------------------------------------------------------------------------------------------------------------------------------------------------------------------------------------------------------------------------------------------------------------------------------------------------------------------+
| factura | CREATE TABLE `factura` (
  `folio` int NOT NULL AUTO_INCREMENT,
  `idCliente` int NOT NULL,
  PRIMARY KEY (`folio`),
  KEY `idCliente` (`idCliente`),
  CONSTRAINT `factura_ibfk_1` FOREIGN KEY (`idCliente`) REFERENCES `cliente` (`id`) ON DELETE RESTRICT ON UPDATE RESTRICT
) ENGINE=InnoDB AUTO_INCREMENT=9 DEFAULT CHARSET=utf8mb4 COLLATE=utf8mb4_0900_ai_ci |
+---------+---------------------------------------------------------------------------------------------------------------------------------------------------------------------------------------------------------------------------------------------------------------------------------------------------------------------------------------------------------------------+
1 row in set (0.0008 sec)
 MySQL  localhost:3306 ssl  tbd_e2  SQL > select * factura;
ERROR: 1064 (42000): You have an error in your SQL syntax; check the manual that corresponds to your MySQL server version for the right syntax to use near 'factura' at line 1
 MySQL  localhost:3306 ssl  tbd_e2  SQL > select * from factura;
+-------+-----------+
| folio | idCliente |
+-------+-----------+
|     3 |         2 |
|     4 |         2 |
|     5 |         2 |
|     7 |         2 |
+-------+-----------+
4 rows in set (0.0006 sec)
 MySQL  localhost:3306 ssl  tbd_e2  SQL > select * from cliente;
+----+--------+-----------+---------------+
| id | nombre | apellidos | rfc           |
+----+--------+-----------+---------------+
|  2 | Ana    | Montes    | MOXA870102520 |
+----+--------+-----------+---------------+
1 row in set (0.0019 sec)
 MySQL  localhost:3306 ssl  tbd_e2  SQL > delete from cliente where id=2;
ERROR: 1451 (23000): Cannot delete or update a parent row: a foreign key constraint fails (`tbd_e2`.`factura`, CONSTRAINT `factura_ibfk_1` FOREIGN KEY (`idCliente`) REFERENCES `cliente` (`id`) ON DELETE RESTRICT ON UPDATE RESTRICT)
 MySQL  localhost:3306 ssl  tbd_e2  SQL > update cliente
                                       -> set
                                       -> id = 5
                                       -> where
                                       -> id = 2;
ERROR: 1451 (23000): Cannot delete or update a parent row: a foreign key constraint fails (`tbd_e2`.`factura`, CONSTRAINT `factura_ibfk_1` FOREIGN KEY (`idCliente`) REFERENCES `cliente` (`id`) ON DELETE RESTRICT ON UPDATE RESTRICT)
 MySQL  localhost:3306 ssl  tbd_e2  SQL > alter table factura drop constraint factura_isfk_1;
ERROR: 3940 (HY000): Constraint 'factura_isfk_1' does not exist.
 MySQL  localhost:3306 ssl  tbd_e2  SQL > alter table factura drop constraint factura_idfk_1;
ERROR: 3940 (HY000): Constraint 'factura_idfk_1' does not exist.
 MySQL  localhost:3306 ssl  tbd_e2  SQL > alter table factura drop constraint factura_ibfk_1;
Query OK, 0 rows affected (0.0867 sec)

Records: 0  Duplicates: 0  Warnings: 0
 MySQL  localhost:3306 ssl  tbd_e2  SQL > alter table factura
                                       -> add constraint foreign key (idcliente)references cliente (id)
                                       -> on delete cascade
                                       -> on update cascade;
Query OK, 4 rows affected (0.0889 sec)

Records: 4  Duplicates: 0  Warnings: 0
 MySQL  localhost:3306 ssl  tbd_e2  SQL > update cliente set id = 5 where id =2;
Query OK, 1 row affected (0.0073 sec)

Rows matched: 1  Changed: 1  Warnings: 0
 MySQL  localhost:3306 ssl  tbd_e2  SQL > select * from cliente:
                                       -> ;
ERROR: 1064 (42000): You have an error in your SQL syntax; check the manual that corresponds to your MySQL server version for the right syntax to use near ':' at line 1
 MySQL  localhost:3306 ssl  tbd_e2  SQL > select * from cliente;
+----+--------+-----------+---------------+
| id | nombre | apellidos | rfc           |
+----+--------+-----------+---------------+
|  5 | Ana    | Montes    | MOXA870102520 |
+----+--------+-----------+---------------+
1 row in set (0.0008 sec)
 MySQL  localhost:3306 ssl  tbd_e2  SQL > select * from factura;
+-------+-----------+
| folio | idCliente |
+-------+-----------+
|     3 |         5 |
|     4 |         5 |
|     5 |         5 |
|     7 |         5 |
+-------+-----------+
4 rows in set (0.0006 sec)
 MySQL  localhost:3306 ssl  tbd_e2  SQL > delete from cliente where id=5;
Query OK, 1 row affected (0.0051 sec)
 MySQL  localhost:3306 ssl  tbd_e2  SQL > select * from cliente;
Empty set (0.0006 sec)
 MySQL  localhost:3306 ssl  tbd_e2  SQL > select * from factura;
Empty set (0.0007 sec)
 MySQL  localhost:3306 ssl  tbd_e2  SQL > alter table factura
                                       -> drop constraint factura_ibfk_1;
Query OK, 0 rows affected (0.0121 sec)

Records: 0  Duplicates: 0  Warnings: 0
 MySQL  localhost:3306 ssl  tbd_e2  SQL > desc cliente;
+-----------+-------------+------+-----+---------+----------------+
| Field     | Type        | Null | Key | Default | Extra          |
+-----------+-------------+------+-----+---------+----------------+
| id        | int         | NO   | PRI | NULL    | auto_increment |
| nombre    | varchar(50) | NO   |     | NULL    |                |
| apellidos | varchar(50) | YES  |     | NULL    |                |
| rfc       | varchar(13) | NO   |     | NULL    |                |
+-----------+-------------+------+-----+---------+----------------+
4 rows in set (0.0022 sec)
 MySQL  localhost:3306 ssl  tbd_e2  SQL > insert into cliente(nombre, apellidos, rfc)
                                       -> values ("Juan
                                       -> ", "Perez", "ASDF112233652"),("XXX", "YYY","ZZZZ45645674");
Query OK, 2 rows affected (0.0054 sec)

Records: 2  Duplicates: 0  Warnings: 0
 MySQL  localhost:3306 ssl  tbd_e2  SQL > select * from cliente;
+----+--------+-----------+---------------+
| id | nombre | apellidos | rfc           |
+----+--------+-----------+---------------+
|  6 | Juan
  | Perez     | ASDF112233652 |
|  7 | XXX    | YYY       | ZZZZ45645674  |
+----+--------+-----------+---------------+
2 rows in set (0.0007 sec)
 MySQL  localhost:3306 ssl  tbd_e2  SQL > select * from cliente;
+----+--------+-----------+---------------+
| id | nombre | apellidos | rfc           |
+----+--------+-----------+---------------+
|  6 | Juan
  | Perez     | ASDF112233652 |
|  7 | XXX    | YYY       | ZZZZ45645674  |
+----+--------+-----------+---------------+
2 rows in set (0.0008 sec)
 MySQL  localhost:3306 ssl  tbd_e2  SQL > insert into factura (idcliente)
                                       -> values(6),(6),(7),(7),(7),(7);
Query OK, 6 rows affected (0.0062 sec)

Records: 6  Duplicates: 0  Warnings: 0
 MySQL  localhost:3306 ssl  tbd_e2  SQL > select * from factura;
+-------+-----------+
| folio | idCliente |
+-------+-----------+
|     9 |         6 |
|    10 |         6 |
|    11 |         7 |
|    12 |         7 |
|    13 |         7 |
|    14 |         7 |
+-------+-----------+
6 rows in set (0.0006 sec)
 MySQL  localhost:3306 ssl  tbd_e2  SQL > desc factura;
+-----------+------+------+-----+---------+----------------+
| Field     | Type | Null | Key | Default | Extra          |
+-----------+------+------+-----+---------+----------------+
| folio     | int  | NO   | PRI | NULL    | auto_increment |
| idCliente | int  | NO   | MUL | NULL    |                |
+-----------+------+------+-----+---------+----------------+
2 rows in set (0.0022 sec)
 MySQL  localhost:3306 ssl  tbd_e2  SQL > alter table factura
                                       -> add constraint foreign key (idcliente)
                                       -> references cliente (id)
                                       -> on delete set null
                                       -> on update set null;
ERROR: 1830 (HY000): Column 'idcliente' cannot be NOT NULL: needed in a foreign key constraint 'factura_ibfk_1' SET NULL
 MySQL  localhost:3306 ssl  tbd_e2  SQL > alter table factura add constraint foreign key (idcliente) references cliente (id) on delete no action on update no action;
Query OK, 6 rows affected (0.0842 sec)

Records: 6  Duplicates: 0  Warnings: 0
 MySQL  localhost:3306 ssl  tbd_e2  SQL > delete from cliente where id = 6;
ERROR: 1451 (23000): Cannot delete or update a parent row: a foreign key constraint fails (`tbd_e2`.`factura`, CONSTRAINT `factura_ibfk_1` FOREIGN KEY (`idCliente`) REFERENCES `cliente` (`id`))
 MySQL  localhost:3306 ssl  tbd_e2  SQL > update from cliente set id = 4 where id = 6;
ERROR: 1064 (42000): You have an error in your SQL syntax; check the manual that corresponds to your MySQL server version for the right syntax to use near 'from cliente set id = 4 where id = 6' at line 1
 MySQL  localhost:3306 ssl  tbd_e2  SQL > update cliente set id = 4 where id = 6;
ERROR: 1451 (23000): Cannot delete or update a parent row: a foreign key constraint fails (`tbd_e2`.`factura`, CONSTRAINT `factura_ibfk_1` FOREIGN KEY (`idCliente`) REFERENCES `cliente` (`id`))
 MySQL  localhost:3306 ssl  tbd_e2  SQL > alter table factura
                                       -> drop constraint factura_ibfk_1;
Query OK, 0 rows affected (0.0139 sec)

Records: 0  Duplicates: 0  Warnings: 0
 MySQL  localhost:3306 ssl  tbd_e2  SQL > alter table factura
                                       -> add constraint foreign key (idcliente)
                                       -> referenes cliente(id)
                                       -> on delete cascade
                                       -> on update cascade;
ERROR: 1064 (42000): You have an error in your SQL syntax; check the manual that corresponds to your MySQL server version for the right syntax to use near 'referenes cliente(id)
on delete cascade
on update cascade' at line 3
 MySQL  localhost:3306 ssl  tbd_e2  SQL > alter table factura add constraint foreign key(idcliente) references cliente(id) on delete cascade on update cascade;
Query OK, 6 rows affected (0.0919 sec)

Records: 6  Duplicates: 0  Warnings: 0
 MySQL  localhost:3306 ssl  tbd_e2  SQL >