EVA2_3_INTEGRIDAD_REFERENCIAL

MySQL Shell 8.0.38

Copyright (c) 2016, 2024, Oracle and/or its affiliates.
Oracle is a registered trademark of Oracle Corporation and/or its affiliates.
Other names may be trademarks of their respective owners.

Type '\help' or '\?' for help; '\quit' to exit.
 MySQL  JS > \sql
Switching to SQL mode... Commands end with ;
 MySQL  SQL > \connect --mc root@localhost
Creating a Classic session to 'root@localhost'
Fetching global names for auto-completion... Press ^C to stop.
Your MySQL connection id is 8
Server version: 8.0.39 MySQL Community Server - GPL
No default schema selected; type \use <schema> to set one.
 MySQL  localhost:3306 ssl  SQL > use tbd_e2
Default schema set to `tbd_e2`.
Fetching global names, object names from `tbd_e2` for auto-completion... Press ^C to stop.
 MySQL  localhost:3306 ssl  tbd_e2  SQL > create table factura_detalle(id int key auto_increment,
                                       -> idfactura int not null,
                                       -> idProducto int not null,
                                       -> cantidad int not null,
                                       -> constraint foreign key (idfactura)
                                       -> references factura(folio));
Query OK, 0 rows affected (0.0792 sec)
 MySQL  localhost:3306 ssl  tbd_e2  SQL > desc create factura_detalle;
ERROR: 1064 (42000): You have an error in your SQL syntax; check the manual that corresponds to your MySQL server version for the right syntax to use near 'create factura_detalle' at line 1
 MySQL  localhost:3306 ssl  tbd_e2  SQL > show ceate table factura_detalle;
ERROR: 1064 (42000): You have an error in your SQL syntax; check the manual that corresponds to your MySQL server version for the right syntax to use near 'ceate table factura_detalle' at line 1
 MySQL  localhost:3306 ssl  tbd_e2  SQL > show cerate table factura_detalle;
ERROR: 1064 (42000): You have an error in your SQL syntax; check the manual that corresponds to your MySQL server version for the right syntax to use near 'cerate table factura_detalle' at line 1
 MySQL  localhost:3306 ssl  tbd_e2  SQL > show create table factura_detalle;
+-----------------+-----------------------------------------------------------------------------------------------------------------------------------------------------------------------------------------------------------------------------------------------------------------------------------------------------------------------------------------------------------------------------------+
| Table           | Create Table


                              |
+-----------------+-----------------------------------------------------------------------------------------------------------------------------------------------------------------------------------------------------------------------------------------------------------------------------------------------------------------------------------------------------------------------------------+
| factura_detalle | CREATE TABLE `factura_detalle` (
  `id` int NOT NULL AUTO_INCREMENT,
  `idfactura` int NOT NULL,
  `idProducto` int NOT NULL,
  `cantidad` int NOT NULL,
  PRIMARY KEY (`id`),
  KEY `idfactura` (`idfactura`),
  CONSTRAINT `factura_detalle_ibfk_1` FOREIGN KEY (`idfactura`) REFERENCES `factura` (`folio`)
) ENGINE=InnoDB DEFAULT CHARSET=utf8mb4 COLLATE=utf8mb4_0900_ai_ci |
+-----------------+-----------------------------------------------------------------------------------------------------------------------------------------------------------------------------------------------------------------------------------------------------------------------------------------------------------------------------------------------------------------------------------+
1 row in set (0.0062 sec)
 MySQL  localhost:3306 ssl  tbd_e2  SQL > drop table facura_detalle;
ERROR: 1051 (42S02): Unknown table 'tbd_e2.facura_detalle'
 MySQL  localhost:3306 ssl  tbd_e2  SQL > drop table factura_detalle;
Query OK, 0 rows affected (0.0193 sec)
 MySQL  localhost:3306 ssl  tbd_e2  SQL > create table factura_detalle(id int key auto_increment, idfactura int not null, idProducto int not null, cantidad int not null, constraint foreign key (idfactura) references factura(folio) on delete cascade on update cascade);
Query OK, 0 rows affected (0.0505 sec)
 MySQL  localhost:3306 ssl  tbd_e2  SQL > select * from factura;
+-------+-----------+
| folio | idCliente |
+-------+-----------+
|     9 |         6 |
|    10 |         6 |
|    11 |         7 |
|    12 |         7 |
|    13 |         7 |
|    14 |         7 |
+-------+-----------+
6 rows in set (0.0044 sec)
 MySQL  localhost:3306 ssl  tbd_e2  SQL > insert into factura_detalle ( idfactura, idproducto, cantidad)
                                       -> values(9, 1, 10), (8,2,5), (8,3,10);
ERROR: 1452 (23000): Cannot add or update a child row: a foreign key constraint fails (`tbd_e2`.`factura_detalle`, CONSTRAINT `factura_detalle_ibfk_1` FOREIGN KEY (`idfactura`) REFERENCES `factura` (`folio`) ON DELETE CASCADE ON UPDATE CASCADE)
 MySQL  localhost:3306 ssl  tbd_e2  SQL > insert into factura_detalle ( idfactura, idproducto, cantidad) values(9, 11, 10), (8,2,5), (8,3,10);
ERROR: 1452 (23000): Cannot add or update a child row: a foreign key constraint fails (`tbd_e2`.`factura_detalle`, CONSTRAINT `factura_detalle_ibfk_1` FOREIGN KEY (`idfactura`) REFERENCES `factura` (`folio`) ON DELETE CASCADE ON UPDATE CASCADE)
 MySQL  localhost:3306 ssl  tbd_e2  SQL > insert into factura_detalle ( idfactura, idproducto, cantidad) values(9, 11, 10), (8,2,5), (8,3,10);
ERROR: 1452 (23000): Cannot add or update a child row: a foreign key constraint fails (`tbd_e2`.`factura_detalle`, CONSTRAINT `factura_detalle_ibfk_1` FOREIGN KEY (`idfactura`) REFERENCES `factura` (`folio`) ON DELETE CASCADE ON UPDATE CASCADE)
 MySQL  localhost:3306 ssl  tbd_e2  SQL > insert into factura_detalle ( idfactura, idproducto, cantidad) values(9, 11, 10), (11,2,5), (10,3,10);
Query OK, 3 rows affected (0.0063 sec)

Records: 3  Duplicates: 0  Warnings: 0
 MySQL  localhost:3306 ssl  tbd_e2  SQL > select * from factura_detalle;
+----+-----------+------------+----------+
| id | idfactura | idProducto | cantidad |
+----+-----------+------------+----------+
| 10 |         9 |         11 |       10 |
| 11 |        11 |          2 |        5 |
| 12 |        10 |          3 |       10 |
+----+-----------+------------+----------+
3 rows in set (0.0008 sec)
 MySQL  localhost:3306 ssl  tbd_e2  SQL > select * from factura where folio = 9;
+-------+-----------+
| folio | idCliente |
+-------+-----------+
|     9 |         6 |
+-------+-----------+
1 row in set (0.0010 sec)
 MySQL  localhost:3306 ssl  tbd_e2  SQL > select * from cliente where id =6;
+----+--------+-----------+---------------+
| id | nombre | apellidos | rfc           |
+----+--------+-----------+---------------+
|  6 | Juan
  | Perez     | ASDF112233652 |
+----+--------+-----------+---------------+
1 row in set (0.0127 sec)
 MySQL  localhost:3306 ssl  tbd_e2  SQL > update cliente set
                                       -> id = 20
                                       -> where id = 6;
Query OK, 1 row affected (0.0073 sec)

Rows matched: 1  Changed: 1  Warnings: 0
 MySQL  localhost:3306 ssl  tbd_e2  SQL > select * factura;
ERROR: 1064 (42000): You have an error in your SQL syntax; check the manual that corresponds to your MySQL server version for the right syntax to use near 'factura' at line 1
 MySQL  localhost:3306 ssl  tbd_e2  SQL > select * from factura;
+-------+-----------+
| folio | idCliente |
+-------+-----------+
|    11 |         7 |
|    12 |         7 |
|    13 |         7 |
|    14 |         7 |
|     9 |        20 |
|    10 |        20 |
+-------+-----------+
6 rows in set (0.0007 sec)
 MySQL  localhost:3306 ssl  tbd_e2  SQL > select * from factura_detalle;
+----+-----------+------------+----------+
| id | idfactura | idProducto | cantidad |
+----+-----------+------------+----------+
| 10 |         9 |         11 |       10 |
| 11 |        11 |          2 |        5 |
| 12 |        10 |          3 |       10 |
+----+-----------+------------+----------+
3 rows in set (0.0008 sec)
 MySQL  localhost:3306 ssl  tbd_e2  SQL > select * from factura where folio = 9;
+-------+-----------+
| folio | idCliente |
+-------+-----------+
|     9 |        20 |
+-------+-----------+
1 row in set (0.0006 sec)
 MySQL  localhost:3306 ssl  tbd_e2  SQL > select * from cliente where id = 20;
+----+--------+-----------+---------------+
| id | nombre | apellidos | rfc           |
+----+--------+-----------+---------------+
| 20 | Juan
  | Perez     | ASDF112233652 |
+----+--------+-----------+---------------+
1 row in set (0.0006 sec)
 MySQL  localhost:3306 ssl  tbd_e2  SQL > delete from cliente where id = 20;
Query OK, 1 row affected (0.0086 sec)
 MySQL  localhost:3306 ssl  tbd_e2  SQL > select * from factura_detalle;
+----+-----------+------------+----------+
| id | idfactura | idProducto | cantidad |
+----+-----------+------------+----------+
| 11 |        11 |          2 |        5 |
+----+-----------+------------+----------+
1 row in set (0.0006 sec)
 MySQL  localhost:3306 ssl  tbd_e2  SQL > select * from factura;
+-------+-----------+
| folio | idCliente |
+-------+-----------+
|    11 |         7 |
|    12 |         7 |
|    13 |         7 |
|    14 |         7 |
+-------+-----------+
4 rows in set (0.0005 sec)
 MySQL  localhost:3306 ssl  tbd_e2  SQL > create table producto(
                                       -> id int key auto_increment,
                                       -> nombre varchar(50) not null,
                                       -> precio decimal(10,2) not null);
Query OK, 0 rows affected (0.0321 sec)
 MySQL  localhost:3306 ssl  tbd_e2  SQL > insert into producto ( nombre,precio)
                                       -> values("Elote",20), ("Nachos", 50),
                                       -> ("iPhone", 25);
Query OK, 3 rows affected (0.0070 sec)

Records: 3  Duplicates: 0  Warnings: 0
 MySQL  localhost:3306 ssl  tbd_e2  SQL > select * from producto;
+----+--------+--------+
| id | nombre | precio |
+----+--------+--------+
|  1 | Elote  |  20.00 |
|  2 | Nachos |  50.00 |
|  3 | iPhone |  25.00 |
+----+--------+--------+
3 rows in set (0.0006 sec)
 MySQL  localhost:3306 ssl  tbd_e2  SQL > desc factura_detalle;
+------------+------+------+-----+---------+----------------+
| Field      | Type | Null | Key | Default | Extra          |
+------------+------+------+-----+---------+----------------+
| id         | int  | NO   | PRI | NULL    | auto_increment |
| idfactura  | int  | NO   | MUL | NULL    |                |
| idProducto | int  | NO   |     | NULL    |                |
| cantidad   | int  | NO   |     | NULL    |                |
+------------+------+------+-----+---------+----------------+
4 rows in set (0.0046 sec)
 MySQL  localhost:3306 ssl  tbd_e2  SQL > alter table factura_detalle
                                       -> add constraint foreign key(idProducto)
                                       -> references producto(id) on delete cascade on update cascade;
Query OK, 1 row affected (0.1441 sec)

Records: 1  Duplicates: 0  Warnings: 0
 MySQL  localhost:3306 ssl  tbd_e2  SQL > select * from producto;
+----+--------+--------+
| id | nombre | precio |
+----+--------+--------+
|  1 | Elote  |  20.00 |
|  2 | Nachos |  50.00 |
|  3 | iPhone |  25.00 |
+----+--------+--------+
3 rows in set (0.0014 sec)
 MySQL  localhost:3306 ssl  tbd_e2  SQL > insert into factura_detalle(idfactura,idProducto,cantidad)
                                       -> values(11,1,50),(11,2,25),(11,3,100);
Query OK, 3 rows affected (0.0060 sec)

Records: 3  Duplicates: 0  Warnings: 0
 MySQL  localhost:3306 ssl  tbd_e2  SQL > select * from factura_detalle;
+----+-----------+------------+----------+
| id | idfactura | idProducto | cantidad |
+----+-----------+------------+----------+
| 11 |        11 |          2 |        5 |
| 13 |        11 |          1 |       50 |
| 14 |        11 |          2 |       25 |
| 15 |        11 |          3 |      100 |
+----+-----------+------------+----------+
4 rows in set (0.0007 sec)
 MySQL  localhost:3306 ssl  tbd_e2  SQL > insert into factura_detalle(idproducto, cantidad)values(100,50);
ERROR: 1364 (HY000): Field 'idfactura' doesn't have a default value
 MySQL  localhost:3306 ssl  tbd_e2  SQL > insert into factura_detalle(idfactura,idproducto, cantidad)values(100,50,50);
ERROR: 1452 (23000): Cannot add or update a child row: a foreign key constraint fails (`tbd_e2`.`factura_detalle`, CONSTRAINT `factura_detalle_ibfk_1` FOREIGN KEY (`idfactura`) REFERENCES `factura` (`folio`) ON DELETE CASCADE ON UPDATE CASCADE)
 MySQL  localhost:3306 ssl  tbd_e2  SQL > delete from producto
                                       -> where id = 3;
Query OK, 1 row affected (0.0063 sec)
 MySQL  localhost:3306 ssl  tbd_e2  SQL > select * from factura_detalle)
                                       -> /
                                       -> ;
ERROR: 1064 (42000): You have an error in your SQL syntax; check the manual that corresponds to your MySQL server version for the right syntax to use near ')
/' at line 1
 MySQL  localhost:3306 ssl  tbd_e2  SQL > select * from factura_detalle) ;
ERROR: 1064 (42000): You have an error in your SQL syntax; check the manual that corresponds to your MySQL server version for the right syntax to use near ')' at line 1
 MySQL  localhost:3306 ssl  tbd_e2  SQL > select * from factura_detalle;
+----+-----------+------------+----------+
| id | idfactura | idProducto | cantidad |
+----+-----------+------------+----------+
| 11 |        11 |          2 |        5 |
| 13 |        11 |          1 |       50 |
| 14 |        11 |          2 |       25 |
+----+-----------+------------+----------+
3 rows in set (0.0007 sec)
 MySQL  localhost:3306 ssl  tbd_e2  SQL >